\BOOKMARK [1][-]{section.1}{\376\377\145\131\200\262\176\317\123\206}{}% 1
\BOOKMARK [2][-]{subsection.1.1}{\376\377\231\231\156\057\116\055\145\207\131\047\133\146\377\010\155\361\127\063\377\011}{section.1}% 2
\BOOKMARK [2][-]{subsection.1.2}{\376\377\123\027\116\254\131\047\133\146\377\010\121\115\213\325\170\125\130\353\170\024\172\166\165\037\377\011}{section.1}% 3
\BOOKMARK [2][-]{subsection.1.3}{\376\377\165\065\133\120\171\321\142\200\131\047\133\146}{section.1}% 4
\BOOKMARK [1][-]{section.2}{\376\377\123\321\210\150\213\272\145\207}{}% 5
\BOOKMARK [1][-]{section.3}{\376\377\135\345\117\134\176\317\123\206}{}% 6
\BOOKMARK [2][-]{subsection.3.1}{\376\377\155\361\127\063\136\002\131\047\145\160\143\156\170\024\172\166\226\142\377\010\000S\000R\000I\000B\000D\377\011}{section.3}% 7
\BOOKMARK [2][-]{subsection.3.2}{\376\377\174\244\156\057\157\263\131\047\156\176\123\072\145\160\133\127\176\317\155\116\170\024\172\166\226\142\377\010\000I\000D\000E\000A\377\011}{section.3}% 8
\BOOKMARK [1][-]{section.4}{\376\377\133\236\116\140\176\317\123\206}{}% 9
\BOOKMARK [2][-]{subsection.4.1}{\376\377\133\127\202\202\215\363\122\250\000A\000I\000L\000a\000b}{section.4}% 10
\BOOKMARK [2][-]{subsection.4.2}{\376\377\123\116\116\072\000M\000T\000I\227\363\230\221\135\345\172\013\220\350}{section.4}% 11
\BOOKMARK [2][-]{subsection.4.3}{\376\377\201\176\213\257\000A\000I\000L\000a\000b}{section.4}% 12
\BOOKMARK [1][-]{section.5}{\376\377\230\171\166\356\176\317\123\206}{}% 13
\BOOKMARK [2][-]{subsection.5.1}{\376\377\116\272\135\345\146\172\200\375\213\355\227\363\125\044\221\222\142\200\147\057\170\024\172\166}{section.5}% 14
\BOOKMARK [1][-]{section.6}{\376\377\147\015\122\241\176\317\123\206}{}% 15
\BOOKMARK [2][-]{subsection.6.1}{\376\377\133\241\172\077\116\272}{section.6}% 16
\BOOKMARK [2][-]{subsection.6.2}{\376\377\150\007\121\306\123\026\135\345\117\134}{section.6}% 17
\BOOKMARK [2][-]{subsection.6.3}{\376\377\133\146\165\037\137\327\141\077\200\005}{section.6}% 18
\BOOKMARK [2][-]{subsection.6.4}{\376\377\122\251\145\131}{section.6}% 19
\BOOKMARK [1][-]{section.7}{\376\377\203\143\212\211\124\214\131\126\230\171}{}% 20
\BOOKMARK [1][-]{section.8}{\376\377\142\200\200\375}{}% 21
